============================================================
  cuBLAS fp16 Tensor Core Ceiling — A100 40GB
  B=2  nh=16  d=64  B*nh=32
  Both GEMMs back-to-back, no softmax — best possible.
============================================================

  N = 1024
    GEMM-I  (Q@K^T) only :    0.076 ms   56.30 TFLOPS
    GEMM-II (P@V)   only :    0.069 ms   61.95 TFLOPS
    Both GEMMs (ceiling) :    0.150 ms   57.10 TFLOPS  <-- target

  N = 2048
    GEMM-I  (Q@K^T) only :    0.266 ms   64.50 TFLOPS
    GEMM-II (P@V)   only :    0.230 ms   74.83 TFLOPS
    Both GEMMs (ceiling) :    0.502 ms   68.49 TFLOPS  <-- target

  N = 4096
    GEMM-I  (Q@K^T) only :    0.995 ms   69.04 TFLOPS
    GEMM-II (P@V)   only :    0.938 ms   73.23 TFLOPS
    Both GEMMs (ceiling) :    1.950 ms   70.47 TFLOPS  <-- target

============================================================
  Your Stage 4 TFLOPS / cuBLAS ceiling = efficiency %
============================================================
