============================================================
  FlashAttention Benchmark — A100 40GB
  B=2  nh=16  d=64  B*nh=32
  Warmup=3  Iters=10
============================================================

------------------------------------------------------------
  Sequence Length N = 1024
  Total FLOPs: 8.590e+09
------------------------------------------------------------
  Stage 0 (Naive 3-kernel) :   13.124 ms    0.65 TFLOPS
  Stage 1 (Fused 1-thr/row):   24.280 ms    0.35 TFLOPS  maxErr=6.05e-09  meanRelErr=1.39e-06
  Stage 2 (Tiled coop fp32):   16.819 ms    0.51 TFLOPS  maxErr=6.05e-09  meanRelErr=1.39e-06
  Stage 3 (wmma TC fp16)   :    1.043 ms    8.24 TFLOPS  maxErr=1.11e-06  meanRelErr=9.16e-04
  Stage 4 (wmma opt BR=64) :    0.761 ms   11.29 TFLOPS  maxErr=2.77e-03  meanRelErr=5.06e-01

------------------------------------------------------------
  Sequence Length N = 2048
  Total FLOPs: 3.436e+10
------------------------------------------------------------
  Stage 0 (Naive 3-kernel) :   40.695 ms    0.84 TFLOPS
  Stage 1 (Fused 1-thr/row):   72.648 ms    0.47 TFLOPS  maxErr=6.64e-09  meanRelErr=2.17e-06
  Stage 2 (Tiled coop fp32):   63.806 ms    0.54 TFLOPS  maxErr=6.40e-09  meanRelErr=2.17e-06
  Stage 3 (wmma TC fp16)   :    3.937 ms    8.73 TFLOPS  maxErr=7.73e-07  meanRelErr=1.02e-03
  Stage 4 (wmma opt BR=64) :    3.023 ms   11.36 TFLOPS  maxErr=2.12e-03  meanRelErr=5.09e-01

------------------------------------------------------------
  Sequence Length N = 4096
  Total FLOPs: 1.374e+11
------------------------------------------------------------
  Stage 0 (Naive 3-kernel) :  164.678 ms    0.83 TFLOPS
  Stage 1 (Fused 1-thr/row):  262.330 ms    0.52 TFLOPS  maxErr=7.68e-09  meanRelErr=3.14e-06
  Stage 2 (Tiled coop fp32):  254.641 ms    0.54 TFLOPS  maxErr=7.68e-09  meanRelErr=3.14e-06
  Stage 3 (wmma TC fp16)   :   15.593 ms    8.81 TFLOPS  maxErr=5.43e-07  meanRelErr=1.07e-03
  Stage 4 (wmma opt BR=64) :   11.342 ms   12.12 TFLOPS  maxErr=1.55e-03  meanRelErr=5.09e-01

============================================================
  Done. Stage 4 adds: larger tiles (64x64), O in registers.
============================================================
