============================================================
  Job:         13473773.pbs101
  Node:        x1000c1s3b0n0
  Started:     Fri Apr  3 15:12:47 +08 2026
  Working dir: /home/users/ntu/yash012/cuda_kernals
  Log dir:     logs
============================================================

--- Environment ---
nvcc: NVIDIA (R) Cuda compiler driver
NVIDIA A100-SXM4-40GB, 40960 MiB

Python:  Python 3.11.15
PyTorch: 2.5.1+cu121

--- Build ---
rm -f flash_attn cublas_ref
nvcc -O3 -arch=sm_80 --use_fast_math -Xcompiler -Wall flash_attention.cu -o flash_attn
nvcc -O3 -arch=sm_80 --use_fast_math -Xcompiler -Wall cublas_ref.cu -lcublas -o cublas_ref
Build OK

--- CUDA benchmark: Stages 0-6 ---
============================================================
  FlashAttention Benchmark — A100 40GB
  B=2  nh=16  d=64  B*nh=32
  Warmup=3  Iters=10
============================================================

------------------------------------------------------------
  Sequence Length N = 1024
  Total FLOPs: 8.590e+09
------------------------------------------------------------
  Stage 0 (Naive 3-kernel) :   13.746 ms    0.62 TFLOPS
  Stage 1 (Fused 1-thr/row):   24.748 ms    0.35 TFLOPS  maxErr=6.05e-09  meanRelErr=1.39e-06
  Stage 2 (Tiled coop fp32):   16.815 ms    0.51 TFLOPS  maxErr=6.05e-09  meanRelErr=1.39e-06
  Stage 3 (wmma TC fp16)   :    1.042 ms    8.25 TFLOPS  maxErr=1.11e-06  meanRelErr=9.16e-04
  Stage 4 (wmma 64x64)     :    0.926 ms    9.27 TFLOPS  maxErr=1.08e-06  meanRelErr=9.17e-04
  Stage 5 (FA-2 deferred l):    0.929 ms    9.25 TFLOPS  maxErr=1.08e-06  meanRelErr=9.17e-04
  Stage 6 (async dbl-buf):    0.876 ms    9.80 TFLOPS  maxErr=1.08e-06  meanRelErr=9.17e-04

------------------------------------------------------------
  Sequence Length N = 2048
  Total FLOPs: 3.436e+10
------------------------------------------------------------
  Stage 0 (Naive 3-kernel) :   40.639 ms    0.85 TFLOPS
  Stage 1 (Fused 1-thr/row):   72.622 ms    0.47 TFLOPS  maxErr=6.64e-09  meanRelErr=2.17e-06
  Stage 2 (Tiled coop fp32):   63.638 ms    0.54 TFLOPS  maxErr=6.40e-09  meanRelErr=2.17e-06
  Stage 3 (wmma TC fp16)   :    3.932 ms    8.74 TFLOPS  maxErr=7.73e-07  meanRelErr=1.02e-03
  Stage 4 (wmma 64x64)     :    3.653 ms    9.41 TFLOPS  maxErr=7.73e-07  meanRelErr=1.02e-03
  Stage 5 (FA-2 deferred l):    3.655 ms    9.40 TFLOPS  maxErr=7.73e-07  meanRelErr=1.02e-03
  Stage 6 (async dbl-buf):    3.474 ms    9.89 TFLOPS  maxErr=7.73e-07  meanRelErr=1.02e-03

------------------------------------------------------------
  Sequence Length N = 4096
  Total FLOPs: 1.374e+11
------------------------------------------------------------
  Stage 0 (Naive 3-kernel) :  164.450 ms    0.84 TFLOPS
  Stage 1 (Fused 1-thr/row):  262.095 ms    0.52 TFLOPS  maxErr=7.68e-09  meanRelErr=3.14e-06
  Stage 2 (Tiled coop fp32):  253.963 ms    0.54 TFLOPS  maxErr=7.68e-09  meanRelErr=3.14e-06
  Stage 3 (wmma TC fp16)   :   15.569 ms    8.83 TFLOPS  maxErr=5.43e-07  meanRelErr=1.07e-03
  Stage 4 (wmma 64x64)     :   13.799 ms    9.96 TFLOPS  maxErr=5.28e-07  meanRelErr=1.07e-03
  Stage 5 (FA-2 deferred l):   13.800 ms    9.96 TFLOPS  maxErr=5.28e-07  meanRelErr=1.07e-03
  Stage 6 (async dbl-buf):   13.163 ms   10.44 TFLOPS  maxErr=5.28e-07  meanRelErr=1.07e-03

============================================================
  Done.
============================================================

--- cuBLAS Tensor Core ceiling ---
============================================================
  cuBLAS fp16 Tensor Core Ceiling — A100 40GB
  B=2  nh=16  d=64  B*nh=32
  Both GEMMs back-to-back, no softmax — best possible.
============================================================

  N = 1024
    GEMM-I  (Q@K^T) only :    0.077 ms   55.48 TFLOPS
    GEMM-II (P@V)   only :    0.069 ms   62.05 TFLOPS
    Both GEMMs (ceiling) :    0.151 ms   56.91 TFLOPS  <-- target

  N = 2048
    GEMM-I  (Q@K^T) only :    0.264 ms   65.10 TFLOPS
    GEMM-II (P@V)   only :    0.230 ms   74.73 TFLOPS
    Both GEMMs (ceiling) :    0.501 ms   68.53 TFLOPS  <-- target

  N = 4096
    GEMM-I  (Q@K^T) only :    1.004 ms   68.47 TFLOPS
    GEMM-II (P@V)   only :    0.940 ms   73.14 TFLOPS
    Both GEMMs (ceiling) :    1.951 ms   70.45 TFLOPS  <-- target

============================================================
  Your Stage 4 TFLOPS / cuBLAS ceiling = efficiency %
============================================================

--- PyTorch SDPA reference ---
==============================================================
  PyTorch scaled_dot_product_attention  (FlashAttention-2)
  B=2  nh=16  d=64
  GPU: NVIDIA A100-SXM4-40GB
  PyTorch: 2.5.1+cu121
==============================================================

  dtype = fp16  (matches Stage 3 / Stage 4 inputs)
  ----------------------------------------------------------
  N= 1024     0.089 ms   96.53 TFLOPS
  N= 2048     0.268 ms  128.24 TFLOPS
  N= 4096     1.010 ms  136.01 TFLOPS

  dtype = fp32  (matches Stage 0/1/2 baseline)
  ----------------------------------------------------------
  N= 1024     0.610 ms   14.08 TFLOPS
  N= 2048     2.325 ms   14.78 TFLOPS
  N= 4096     8.376 ms   16.41 TFLOPS

==============================================================
  Compare your Stage 4 TFLOPS to the fp16 numbers above.
  Stage4 / PyTorch_fp16 = your efficiency vs FlashAttention-2
==============================================================

--- Nsight Systems profiling ---
nsys profile complete — see logs/profile_stages.nsys-rep

--- Generating summary ---
============================================================
  SC4064 FlashAttention — Results Summary
  Fri Apr  3 15:14:02 +08 2026
  GPU: NVIDIA A100-SXM4-40GB
============================================================

=== CUDA Kernel Stages (N=4096) ===
    Stage 0 (Naive 3-kernel) :  164.450 ms    0.84 TFLOPS
    Stage 1 (Fused 1-thr/row):  262.095 ms    0.52 TFLOPS  maxErr=7.68e-09  meanRelErr=3.14e-06
    Stage 2 (Tiled coop fp32):  253.963 ms    0.54 TFLOPS  maxErr=7.68e-09  meanRelErr=3.14e-06
    Stage 3 (wmma TC fp16)   :   15.569 ms    8.83 TFLOPS  maxErr=5.43e-07  meanRelErr=1.07e-03
    Stage 4 (wmma 64x64)     :   13.799 ms    9.96 TFLOPS  maxErr=5.28e-07  meanRelErr=1.07e-03
    Stage 5 (FA-2 deferred l):   13.800 ms    9.96 TFLOPS  maxErr=5.28e-07  meanRelErr=1.07e-03
    Stage 6 (async dbl-buf):   13.163 ms   10.44 TFLOPS  maxErr=5.28e-07  meanRelErr=1.07e-03

=== cuBLAS Tensor Core Ceiling ===
      Both GEMMs (ceiling) :    1.951 ms   70.45 TFLOPS  <-- target

=== PyTorch FlashAttention-2 Reference (fp16) ===
    N= 4096     1.010 ms  136.01 TFLOPS

=== Speedup Table (N=4096) ===
  Stage 0 (Naive):              164.450 ms   0.84 TFLOPS
  Stage 1 (Fused):              262.095 ms   0.52 TFLOPS
  Stage 2 (Tiled):              253.963 ms   0.54 TFLOPS
  Stage 3 (wmma 32x32):          15.569 ms   8.83 TFLOPS
  Stage 4 (wmma 64x64):          13.799 ms   9.96 TFLOPS
  Stage 5 (FA-2 deferred):       13.800 ms   9.96 TFLOPS
  Stage 6 (async dbl-buf):       13.163 ms   10.44 TFLOPS
  PyTorch SDPA fp16:              1.010 ms   136.01 TFLOPS
  cuBLAS ceiling:                   — ms   70.45 TFLOPS

  Stage 6 vs Naive:      12.5x faster
  Stage 6 vs Stage 4:    1.05x faster
  Stage 6 vs PyTorch:    13.0x slower  (7.7% of FA-2)
  Stage 6 TC efficiency: 14.8% of cuBLAS ceiling

=== Nsight Systems — GPU Kernel Summary ===

============================================================

Job finished: Fri Apr  3 15:14:02 +08 2026
mv: cannot stat 'job_output.log': No such file or directory
