rm -f flash_attn
nvcc -O3 -arch=sm_80 --use_fast_math -Xcompiler -Wall flash_attention.cu -o flash_attn
============================================================
  FlashAttention Benchmark — A100 40GB
  B=2  nh=16  d=64  B*nh=32
  Warmup=3  Iters=10
============================================================

------------------------------------------------------------
  Sequence Length N = 1024
  Total FLOPs: 8.590e+09
------------------------------------------------------------
  Stage 0 (Naive 3-kernel) :   13.757 ms    0.62 TFLOPS
  Stage 1 (Fused 1-thr/row):   24.122 ms    0.36 TFLOPS  maxErr=6.05e-09  meanRelErr=1.39e-06
  Stage 2 (Tiled coop fp32):   16.826 ms    0.51 TFLOPS  maxErr=6.05e-09  meanRelErr=1.39e-06
  Stage 3 (wmma TC fp16)   :    1.043 ms    8.23 TFLOPS  maxErr=1.11e-06  meanRelErr=9.16e-04

------------------------------------------------------------
  Sequence Length N = 2048
  Total FLOPs: 3.436e+10
------------------------------------------------------------
  Stage 0 (Naive 3-kernel) :   40.665 ms    0.84 TFLOPS
  Stage 1 (Fused 1-thr/row):   72.575 ms    0.47 TFLOPS  maxErr=6.64e-09  meanRelErr=2.17e-06
  Stage 2 (Tiled coop fp32):   63.678 ms    0.54 TFLOPS  maxErr=6.40e-09  meanRelErr=2.17e-06
  Stage 3 (wmma TC fp16)   :    3.933 ms    8.74 TFLOPS  maxErr=7.73e-07  meanRelErr=1.02e-03

------------------------------------------------------------
  Sequence Length N = 4096
  Total FLOPs: 1.374e+11
------------------------------------------------------------
  Stage 0 (Naive 3-kernel) :  164.593 ms    0.84 TFLOPS
  Stage 1 (Fused 1-thr/row):  262.211 ms    0.52 TFLOPS  maxErr=7.68e-09  meanRelErr=3.14e-06
  Stage 2 (Tiled coop fp32):  254.114 ms    0.54 TFLOPS  maxErr=7.68e-09  meanRelErr=3.14e-06
  Stage 3 (wmma TC fp16)   :   15.577 ms    8.82 TFLOPS  maxErr=5.43e-07  meanRelErr=1.07e-03

============================================================
  Done. Share the output and we can optimize further.
============================================================
