--- Environment ---
nvcc: NVIDIA (R) Cuda compiler driver
NVIDIA A100-SXM4-40GB, 40960 MiB

--- Building Stage 11 ---
Build OK

--- Running Stage 11 Benchmark ---
============================================================
  Stage 11  —  PTX from Scratch Repo
  B=4  nh=32  d=64  B_nh=128  BR=128  BC=64
  smem/block = 32 KB  (2 blocks → 64 KB < 164 KB)
  Optimizations: 2-block occupancy, ldmatrix smem→reg,
                 Q hoisting, swizzled Vt, KV double-buffer
============================================================

N=1024  Tc=16
  Stage 11:   0.249 ms  137.77 TFLOPS  maxErr=6.10e-05  meanRelErr=2.51e-03  cosSim=1.000000

N=2048  Tc=32
  Stage 11:   0.739 ms  185.92 TFLOPS  maxErr=6.10e-05  meanRelErr=2.50e-03  cosSim=1.000000

N=4096  Tc=64
  Stage 11:   2.802 ms  196.22 TFLOPS  maxErr=3.05e-05  meanRelErr=2.41e-03  cosSim=1.000000


Job finished: Wed Apr 15 19:30:38 +08 2026
