--- Environment ---
nvcc: NVIDIA (R) Cuda compiler driver
NVIDIA A100-SXM4-40GB, 40960 MiB

--- Building Stage 12 ---
Build OK

--- Running Stage 12 Benchmark ---
============================================================
  Stage 12  —  PTX from Scratch Repo
  B=2  nh=16  d=64  B_nh=32  BR=128  BC=64
  smem/block = 32 KB  (2 blocks → 64 KB < 164 KB)
  Optimizations: 2-block occupancy, ldmatrix smem→reg,
                 Q hoisting, swizzled Vt, KV double-buffer
============================================================

N=1024  Tc=16
  Stage 12:   0.080 ms  107.82 TFLOPS  maxErr=6.10e-05  meanRelErr=2.39e-03  cosSim=1.000000

N=2048  Tc=32
  Stage 12:   0.249 ms  138.25 TFLOPS  maxErr=3.05e-05  meanRelErr=2.48e-03  cosSim=1.000000

N=4096  Tc=64
  Stage 12:   0.733 ms  187.48 TFLOPS  maxErr=3.05e-05  meanRelErr=2.31e-03  cosSim=1.000000


Job finished: Tue Apr 14 03:53:15 +08 2026
