============================================================
  SC4064 FlashAttention — Results Summary
  Fri Apr  3 01:39:16 +08 2026
  GPU: NVIDIA A100-SXM4-40GB
============================================================

=== CUDA Kernel Stages (N=4096) ===
    Stage 0 (Naive 3-kernel) :  164.678 ms    0.83 TFLOPS
    Stage 1 (Fused 1-thr/row):  262.330 ms    0.52 TFLOPS  maxErr=7.68e-09  meanRelErr=3.14e-06
    Stage 2 (Tiled coop fp32):  254.641 ms    0.54 TFLOPS  maxErr=7.68e-09  meanRelErr=3.14e-06
    Stage 3 (wmma TC fp16)   :   15.593 ms    8.81 TFLOPS  maxErr=5.43e-07  meanRelErr=1.07e-03
    Stage 4 (wmma opt BR=64) :   11.342 ms   12.12 TFLOPS  maxErr=1.55e-03  meanRelErr=5.09e-01

=== cuBLAS Tensor Core Ceiling ===
    N = 1024
      Both GEMMs (ceiling) :    0.150 ms   57.26 TFLOPS  <-- target
    N = 2048
      Both GEMMs (ceiling) :    0.501 ms   68.53 TFLOPS  <-- target
    N = 4096
      Both GEMMs (ceiling) :    1.953 ms   70.37 TFLOPS  <-- target
    Your Stage 4 TFLOPS / cuBLAS ceiling = efficiency %

=== PyTorch FlashAttention-2 Reference (fp16) ===
    N= 1024     0.089 ms   96.31 TFLOPS
    N= 2048     0.268 ms  128.24 TFLOPS
    N= 4096     1.011 ms  135.99 TFLOPS

=== Speedup Table (N=4096) ===
  Stage 0 (Naive):                    : ms   — TFLOPS
  Stage 3 (wmma 32x32):           fp16) ms   15.593 TFLOPS
  Stage 4 (wmma 64x64):          BR=64) ms   11.342 TFLOPS
  PyTorch SDPA fp16:               4096 ms   ms TFLOPS
  cuBLAS ceiling:                   — ms   70.37 TFLOPS

