============================================================
  cuBLAS fp16 Tensor Core Ceiling — A100 40GB
  B=2  nh=16  d=64  B*nh=32
  Both GEMMs back-to-back, no softmax — best possible.
============================================================

  N = 1024
    GEMM-I  (Q@K^T) only :    0.078 ms   55.26 TFLOPS
    GEMM-II (P@V)   only :    0.069 ms   61.86 TFLOPS
    Both GEMMs (ceiling) :    0.152 ms   56.68 TFLOPS  <-- target

  N = 2048
    GEMM-I  (Q@K^T) only :    0.266 ms   64.55 TFLOPS
    GEMM-II (P@V)   only :    0.230 ms   74.80 TFLOPS
    Both GEMMs (ceiling) :    0.502 ms   68.42 TFLOPS  <-- target

  N = 4096
    GEMM-I  (Q@K^T) only :    0.996 ms   68.99 TFLOPS
    GEMM-II (P@V)   only :    0.940 ms   73.12 TFLOPS
    Both GEMMs (ceiling) :    1.947 ms   70.58 TFLOPS  <-- target

============================================================
  Your Stage 4 TFLOPS / cuBLAS ceiling = efficiency %
============================================================
