--- Environment ---
nvcc: NVIDIA (R) Cuda compiler driver
NVIDIA A100-SXM4-40GB, 40960 MiB

--- Building Stage 11 ---
Build OK

--- Running Stage 11 Benchmark ---
============================================================
  Stage 11  —  PTX from Scratch Repo
  B=2  nh=16  d=64  B_nh=32  BR=128  BC=64
  smem/block = 32 KB  (2 blocks → 64 KB < 164 KB)
  Optimizations: 2-block occupancy, ldmatrix smem→reg,
                 Q hoisting, swizzled Vt, KV double-buffer
============================================================

N=1024  Tc=16
  Stage 11:   0.080 ms  107.41 TFLOPS  maxErr=6.10e-05  meanRelErr=2.39e-03  cosSim=1.000000

N=2048  Tc=32
  Stage 11:   0.250 ms  137.35 TFLOPS  maxErr=3.05e-05  meanRelErr=2.48e-03  cosSim=1.000000

N=4096  Tc=64
  Stage 11:   0.938 ms  146.53 TFLOPS  maxErr=3.05e-05  meanRelErr=2.31e-03  cosSim=1.000000


Job finished: Wed Apr 15 19:34:50 +08 2026
