============================================================
  SC4064 FlashAttention — Results Summary
  Fri Apr  3 15:14:02 +08 2026
  GPU: NVIDIA A100-SXM4-40GB
============================================================

=== CUDA Kernel Stages (N=4096) ===
    Stage 0 (Naive 3-kernel) :  164.450 ms    0.84 TFLOPS
    Stage 1 (Fused 1-thr/row):  262.095 ms    0.52 TFLOPS  maxErr=7.68e-09  meanRelErr=3.14e-06
    Stage 2 (Tiled coop fp32):  253.963 ms    0.54 TFLOPS  maxErr=7.68e-09  meanRelErr=3.14e-06
    Stage 3 (wmma TC fp16)   :   15.569 ms    8.83 TFLOPS  maxErr=5.43e-07  meanRelErr=1.07e-03
    Stage 4 (wmma 64x64)     :   13.799 ms    9.96 TFLOPS  maxErr=5.28e-07  meanRelErr=1.07e-03
    Stage 5 (FA-2 deferred l):   13.800 ms    9.96 TFLOPS  maxErr=5.28e-07  meanRelErr=1.07e-03
    Stage 6 (async dbl-buf):   13.163 ms   10.44 TFLOPS  maxErr=5.28e-07  meanRelErr=1.07e-03

=== cuBLAS Tensor Core Ceiling ===
      Both GEMMs (ceiling) :    1.951 ms   70.45 TFLOPS  <-- target

=== PyTorch FlashAttention-2 Reference (fp16) ===
    N= 4096     1.010 ms  136.01 TFLOPS

=== Speedup Table (N=4096) ===
  Stage 0 (Naive):              164.450 ms   0.84 TFLOPS
  Stage 1 (Fused):              262.095 ms   0.52 TFLOPS
  Stage 2 (Tiled):              253.963 ms   0.54 TFLOPS
  Stage 3 (wmma 32x32):          15.569 ms   8.83 TFLOPS
  Stage 4 (wmma 64x64):          13.799 ms   9.96 TFLOPS
  Stage 5 (FA-2 deferred):       13.800 ms   9.96 TFLOPS
  Stage 6 (async dbl-buf):       13.163 ms   10.44 TFLOPS
  PyTorch SDPA fp16:              1.010 ms   136.01 TFLOPS
  cuBLAS ceiling:                   — ms   70.45 TFLOPS

  Stage 6 vs Naive:      12.5x faster
  Stage 6 vs Stage 4:    1.05x faster
  Stage 6 vs PyTorch:    13.0x slower  (7.7% of FA-2)
  Stage 6 TC efficiency: 14.8% of cuBLAS ceiling

=== Nsight Systems — GPU Kernel Summary ===

============================================================
